<?xml version="1.0" encoding="UTF-8"?>
<testsuites name="Mocha Tests" time="1.5390" tests="3" failures="0">
  <testsuite name="Root Suite" timestamp="2020-04-13T04:26:45" tests="0" time="0.0000" failures="0">
  </testsuite>
  <testsuite name="user creation page" timestamp="2020-04-13T04:26:45" tests="3" file="/home/sdouser/sdd/assignment1/assessment1/assessment1/src/test/integration/user-creation.test.js" time="1.5390" failures="0">
    <testcase name="user creation page loads correctly" time="0.7880" classname="loads correctly">
    </testcase>
    <testcase name="user creation page lists a user if there is one" time="0.3940" classname="lists a user if there is one">
    </testcase>
    <testcase name="user creation page lists the tickets for the user if available" time="0.3570" classname="lists the tickets for the user if available">
    </testcase>
  </testsuite>
</testsuites>